../Core/Src/main.c:88:6:HAL_I2C_MasterRxCpltCallback	48	static
../Core/Src/main.c:99:6:continue_TX_callback	16	static
../Core/Src/main.c:118:6:HAL_TIM_PeriodElapsedCallback	16	static
../Core/Src/main.c:123:6:HAL_UART_RxCpltCallback	32	static
../Core/Src/main.c:150:6:transmit_byte	24	static
../Core/Src/main.c:167:6:show_new_temp	24	static
../Core/Src/main.c:181:5:main	16	static
../Core/Src/main.c:270:6:SystemClock_Config	88	static
../Core/Src/main.c:317:13:MX_I2C1_Init	8	static
../Core/Src/main.c:351:13:MX_TIM1_Init	32	static
../Core/Src/main.c:397:13:MX_TIM2_Init	64	static
../Core/Src/main.c:456:13:MX_TIM3_Init	32	static
../Core/Src/main.c:501:13:MX_TIM10_Init	8	static
../Core/Src/main.c:532:13:MX_USART1_UART_Init	8	static
../Core/Src/main.c:565:13:MX_USART2_UART_Init	8	static
../Core/Src/main.c:598:13:MX_GPIO_Init	48	static
../Core/Src/main.c:667:6:Error_Handler	4	static,ignoring_inline_asm
