../Core/Src/main.c:98:6:HAL_TIM_PeriodElapsedCallback	16	static
../Core/Src/main.c:104:6:HAL_SPI_TxCpltCallback	16	static
../Core/Src/main.c:123:5:main	64	static
../Core/Src/main.c:202:6:SystemClock_Config	88	static
../Core/Src/main.c:249:13:MX_SPI1_Init	8	static
../Core/Src/main.c:287:13:MX_TIM3_Init	56	static
../Core/Src/main.c:336:13:MX_TIM10_Init	8	static
../Core/Src/main.c:367:13:MX_TIM11_Init	8	static
../Core/Src/main.c:398:13:MX_USART2_UART_Init	8	static
../Core/Src/main.c:429:13:MX_DMA_Init	16	static
../Core/Src/main.c:447:13:MX_GPIO_Init	48	static
../Core/Src/main.c:487:6:Error_Handler	4	static,ignoring_inline_asm
