../Core/Src/main.c:88:6:HAL_I2C_MasterRxCpltCallback	48	static
../Core/Src/main.c:99:6:continue_TX_callback	16	static
../Core/Src/main.c:118:6:HAL_TIM_PeriodElapsedCallback	16	static
../Core/Src/main.c:123:6:HAL_UART_RxCpltCallback	32	static
../Core/Src/main.c:146:6:transmit_byte	24	static
../Core/Src/main.c:163:6:show_new_temp	24	static
../Core/Src/main.c:177:5:main	16	static
../Core/Src/main.c:267:6:SystemClock_Config	88	static
../Core/Src/main.c:314:13:MX_I2C1_Init	8	static
../Core/Src/main.c:348:13:MX_TIM1_Init	32	static
../Core/Src/main.c:394:13:MX_TIM2_Init	64	static
../Core/Src/main.c:453:13:MX_TIM3_Init	32	static
../Core/Src/main.c:498:13:MX_TIM10_Init	8	static
../Core/Src/main.c:529:13:MX_USART1_UART_Init	8	static
../Core/Src/main.c:562:13:MX_USART2_UART_Init	8	static
../Core/Src/main.c:595:13:MX_GPIO_Init	48	static
../Core/Src/main.c:648:6:Error_Handler	4	static,ignoring_inline_asm
