../Core/Src/main.c:70:13:setFrequency	104	static
../Core/Src/main.c:128:5:getPeriod	16	static
../Core/Src/main.c:156:6:setNote	16	static
../Core/Src/main.c:162:6:play_zero	8	static
../Core/Src/main.c:165:6:play_three	8	static
../Core/Src/main.c:168:6:play_c	8	static
../Core/Src/main.c:171:6:play_f	8	static
../Core/Src/main.c:196:6:HAL_TIM_PeriodElapsedCallback	16	static
../Core/Src/main.c:213:5:main	232	static
../Core/Src/main.c:355:6:SystemClock_Config	88	static
../Core/Src/main.c:402:13:MX_TIM1_Init	96	static
../Core/Src/main.c:477:13:MX_TIM3_Init	64	static
../Core/Src/main.c:536:13:MX_TIM10_Init	8	static
../Core/Src/main.c:567:13:MX_TIM11_Init	8	static
../Core/Src/main.c:598:13:MX_USART2_UART_Init	8	static
../Core/Src/main.c:631:13:MX_GPIO_Init	48	static
../Core/Src/main.c:671:6:Error_Handler	4	static,ignoring_inline_asm
