../Core/Src/main.c:99:6:HAL_TIM_PeriodElapsedCallback	136	static
../Core/Src/main.c:118:6:HAL_ADC_ConvCpltCallback	16	static
../Core/Src/main.c:124:6:HAL_SPI_TxCpltCallback	16	static
../Core/Src/main.c:144:5:main	8	static
../Core/Src/main.c:199:6:SystemClock_Config	88	static
../Core/Src/main.c:246:13:MX_ADC1_Init	24	static
../Core/Src/main.c:298:13:MX_SPI1_Init	8	static
../Core/Src/main.c:336:13:MX_TIM1_Init	96	static
../Core/Src/main.c:411:13:MX_TIM3_Init	32	static
../Core/Src/main.c:456:13:MX_TIM10_Init	8	static
../Core/Src/main.c:487:13:MX_TIM11_Init	8	static
../Core/Src/main.c:518:13:MX_USART2_UART_Init	8	static
../Core/Src/main.c:549:13:MX_DMA_Init	16	static
../Core/Src/main.c:570:13:MX_GPIO_Init	48	static
../Core/Src/main.c:610:6:Error_Handler	4	static,ignoring_inline_asm
