../Core/Src/main.c:104:6:HAL_TIM_PeriodElapsedCallback	16	static
../Core/Src/main.c:113:6:HAL_SPI_TxCpltCallback	16	static
../Core/Src/main.c:121:6:HAL_GPIO_EXTI_Callback	16	static
../Core/Src/main.c:137:5:main	8	static
../Core/Src/main.c:208:6:SystemClock_Config	88	static
../Core/Src/main.c:255:13:MX_SPI1_Init	8	static
../Core/Src/main.c:293:13:MX_TIM3_Init	32	static
../Core/Src/main.c:338:13:MX_TIM10_Init	8	static
../Core/Src/main.c:369:13:MX_TIM11_Init	8	static
../Core/Src/main.c:400:13:MX_USART2_UART_Init	8	static
../Core/Src/main.c:431:13:MX_DMA_Init	16	static
../Core/Src/main.c:449:13:MX_GPIO_Init	48	static
../Core/Src/main.c:499:6:Error_Handler	4	static,ignoring_inline_asm
