../Core/Src/main.c:223:6:init_char_map	16	static
../Core/Src/main.c:247:6:show_letter	16	static
../Core/Src/main.c:251:6:LED_matrix_callback	8	static
../Core/Src/main.c:258:6:HAL_TIM_PeriodElapsedCallback	16	static
../Core/Src/main.c:262:6:HAL_UART_RxCpltCallback	16	static
../Core/Src/main.c:271:6:HAL_SPI_TxCpltCallback	16	static
../Core/Src/main.c:277:6:show_new_command	8	static
../Core/Src/main.c:289:5:main	8	static
../Core/Src/main.c:341:6:SystemClock_Config	88	static
../Core/Src/main.c:388:13:MX_SPI1_Init	8	static
../Core/Src/main.c:426:13:MX_TIM10_Init	8	static
../Core/Src/main.c:457:13:MX_USART1_UART_Init	8	static
../Core/Src/main.c:490:13:MX_USART2_UART_Init	8	static
../Core/Src/main.c:521:13:MX_DMA_Init	16	static
../Core/Src/main.c:539:13:MX_GPIO_Init	48	static
../Core/Src/main.c:579:6:Error_Handler	4	static,ignoring_inline_asm
